weights 4 4 4 8
m 10 num 7804219901870080 den 163840000000000 Ltot 0 E 150049497546752 leaves 1 splits 21457825
m 11 num 159970281442508800 den 3276800000000000 Ltot 0 E 3016217036062720 leaves 1 splits 21457825
m 12 num 3274353429593456640 den 65536000000000000 Ltot 0 E 60559635739836416 leaves 1 splits 21457825
m 13 num 66944441162871603200 den 1310720000000000000 Ltot 0 E 1214859029071790080 leaves 1 splits 21457825
m 14 num 1367402958041466798080 den 26214400000000000000 Ltot 0 E 24354673951036669952 leaves 1 splits 21457825
m 15 num 27908586666366861312000 den 524288000000000000000 Ltot 0 E 487999466659171532800 leaves 1 splits 21457825
m 16 num 569230684193219978199040 den 10485760000000000000000 Ltot 0 E 9774319104830499454976 leaves 1 splits 21457825
m 17 num 11603420513311367417036800 den 209715200000000000000000 Ltot 0 E 195713672832784185425920 leaves 1 splits 21457825
m 18 num 236407229406418693081006080 den 4194304000000000000000000 Ltot 0 E 3917886335160467327025152 leaves 1 splits 21457825
weights 4 4 5 7
m 10 num 7824813359995840 den 163840000000000 Ltot 0 E 150564333999896 leaves 1 splits 21457825
m 11 num 160321067733942400 den 3276800000000000 Ltot 0 E 3024986693348560 leaves 1 splits 21457825
m 12 num 3280294598753277120 den 65536000000000000 Ltot 0 E 60708164968831928 leaves 1 splits 21457825
m 13 num 67044558408369545600 den 1310720000000000000 Ltot 0 E 1217361960209238640 leaves 1 splits 21457825
m 14 num 1369082410195458338240 den 26214400000000000000 Ltot 0 E 24396660254886458456 leaves 1 splits 21457825
m 15 num 27936642557704603536000 den 524288000000000000000 Ltot 0 E 488700863942615088400 leaves 1 splits 21457825
m 16 num 569697595290383993456320 den 10485760000000000000000 Ltot 0 E 9785991882259599836408 leaves 1 splits 21457825
m 17 num 11611164092145258177174400 den 209715200000000000000000 Ltot 0 E 195907262303631454429360 leaves 1 splits 21457825
m 18 num 236535250269733225778888640 den 4194304000000000000000000 Ltot 0 E 3921086856743330644472216 leaves 1 splits 21457825
weights 4 4 6 6
m 10 num 7831014131957760 den 163840000000000 Ltot 0 E 150719353298944 leaves 1 splits 21457825
m 11 num 160424166611353600 den 3276800000000000 Ltot 0 E 3027564165283840 leaves 1 splits 21457825
m 12 num 3281994920591360000 den 65536000000000000 Ltot 0 E 60750673014784000 leaves 1 splits 21457825
m 13 num 67072392079278080000 den 1310720000000000000 Ltot 0 E 1218057801981952000 leaves 1 splits 21457825
m 14 num 1369534892979870760960 den 26214400000000000000 Ltot 0 E 24407972324496769024 leaves 1 splits 21457825
m 15 num 27943951106048262144000 den 524288000000000000000 Ltot 0 E 488883577651206553600 leaves 1 splits 21457825
m 16 num 569814937351691226316800 den 10485760000000000000000 Ltot 0 E 9788925433792280657920 leaves 1 splits 21457825
m 17 num 11613037623975535968256000 den 209715200000000000000000 Ltot 0 E 195954100599388399206400 leaves 1 splits 21457825
m 18 num 236565010710996107562844160 den 4194304000000000000000000 Ltot 0 E 3921830867774902689071104 leaves 1 splits 21457825
weights 4 5 5 6
m 10 num 7841400138879680 den 163840000000000 Ltot 0 E 150979003471992 leaves 1 splits 21457825
m 11 num 160610595478364800 den 3276800000000000 Ltot 0 E 3032224886959120 leaves 1 splits 21457825
m 12 num 3285307761498623680 den 65536000000000000 Ltot 0 E 60833494037465592 leaves 1 splits 21457825
m 13 num 67130726029500118400 den 1310720000000000000 Ltot 0 E 1219516150737502960 leaves 1 splits 21457825
m 14 num 1370553568119761023680 den 26214400000000000000 Ltot 0 E 24433439202994025592 leaves 1 splits 21457825
m 15 num 27961606232327068752000 den 524288000000000000000 Ltot 0 E 489324955808176718800 leaves 1 splits 21457825
m 16 num 570118835089854791679680 den 10485760000000000000000 Ltot 0 E 9796522877246369791992 leaves 1 splits 21457825
m 17 num 11618236169221192524745600 den 209715200000000000000000 Ltot 0 E 196084064230529813118640 leaves 1 splits 21457825
m 18 num 236653438030787730724991680 den 4194304000000000000000000 Ltot 0 E 3924041550769693268124792 leaves 1 splits 21457825
weights 5 5 5 5
m 10 num 7851574375000000 den 163840000000000 Ltot 0 E 151233359375000 leaves 1 splits 21457825
m 11 num 160793631250000000 den 3276800000000000 Ltot 0 E 3036800781250000 leaves 1 splits 21457825
m 12 num 3288568546875000000 den 65536000000000000 Ltot 0 E 60915013671875000 leaves 1 splits 21457825
m 13 num 67188288593750000000 den 1310720000000000000 Ltot 0 E 1220955214843750000 leaves 1 splits 21457825
m 14 num 1371561130859375000000 den 26214400000000000000 Ltot 0 E 24458628271484375000 leaves 1 splits 21457825
m 15 num 27979104972656250000000 den 524288000000000000000 Ltot 0 E 489762424316406250000 leaves 1 splits 21457825
m 16 num 570420574638671875000000 den 10485760000000000000000 Ltot 0 E 9804066365966796875000 leaves 1 splits 21457825
m 17 num 11623405419824218750000000 den 209715200000000000000000 Ltot 0 E 196213295495605468750000 leaves 1 splits 21457825
m 18 num 236741473298583984375000000 den 4194304000000000000000000 Ltot 0 E 3926242432464599609375000 leaves 1 splits 21457825
