== W6-DS-A5a: 0-1 loss, k actions with surjective phi: A -> {0,1} ==
k=2: max |R_BA - (1-H2(D))| = 2.78e-16 over 22 curve points
k=3: max |R_BA - (1-H2(D))| = 2.71e-06 over 22 curve points
k=4: max |R_BA - (1-H2(D))| = 2.22e-16 over 22 curve points
== W6-DS-A5b: soft-decision TV, q-grid with endpoints ==
k=2 grid [0.0, 1.0]: max |R_BA - (1-H2(D))| = 2.78e-16
k=3 grid [0.0, 0.5, 1.0]: max |R_BA - (1-H2(D))| = 6.40e-05
k=4 grid [0.0, 0.3333333333333333, 0.6666666666666666, 1.0]: max |R_BA - (1-H2(D))| = 1.10e-04
== grid WITHOUT endpoints {1/4,1/2,3/4}: R(D) = 1-H2(2(D-1/4)) ==
max |R_BA - (1-H2(2(D-1/4)))| = 1.98e-05
== observation-channel TV (scaled Hamming), p0=1/4, p1=3/4, Delta=1/2 ==
max |R_BA - (1-H2(D/Delta))| = 2.50e-16
== exact Fractions, small cases n=1..4, k=2..4 ==
TV(delta_0,Bern(1/4)) = 1/4; TV(delta_1,Bern(1/4)) = 3/4
TV(delta_0,Bern(1/3)) = 1/3; TV(delta_1,Bern(1/3)) = 2/3
TV(delta_0,Bern(1/2)) = 1/2; TV(delta_1,Bern(1/2)) = 1/2
TV(delta_0,Bern(2/3)) = 2/3; TV(delta_1,Bern(2/3)) = 1/3
n=1: root-leaf error = 1/2; rate-0 TV distortion = 1/2 (k-independent)
n=2: root-leaf error = 1/2; rate-0 TV distortion = 1/2 (k-independent)
n=3: root-leaf error = 1/2; rate-0 TV distortion = 1/2 (k-independent)
n=4: root-leaf error = 1/2; rate-0 TV distortion = 1/2 (k-independent)
grid no-endpoints full-info distortion d_min = 1/4 exactly
PASS a5: decision-TV audit
