== (i) branch structure ==
L1==L2 at s=3/2 (value 10); L2==L3 at s=12/5 (value 16); L1==L3 at 27/13 subordinate (L2 larger)
active branch check: s<=3/2 -> 4+4s; 3/2<=s<=12/5 -> 20s/3; 12/5<=s<=3 -> 80(s-1)/7  ok
== (ii) W4-PHASE-Q4-H reproduction ==
h=0: W4 curve 8 == map(1+h) = 8
h=1/4: W4 curve 9 == map(1+h) = 9
h=1/2: W4 curve 10 == map(1+h) = 10
h=1: W4 curve 40/3 == map(1+h) = 40/3
h=3/2: W4 curve 120/7 == map(1+h) = 120/7
h=2: W4 curve 160/7 == map(1+h) = 160/7
== (iii) rho*(s) table on requested grid ==
s=   0: rho* =       4 = 4.000000
s= 1/2: rho* =       6 = 6.000000  == rho_M (6)
s=   1: rho* =       8 = 8.000000
s= 3/2: rho* =      10 = 10.000000
s=   2: rho* =    40/3 = 13.333333  == rho_RADC = rho*_cap (40/3)
s= 5/2: rho* =   120/7 = 17.142857  == rho_advertised (120/7)
s=   3: rho* =   160/7 = 22.857143  == rho_identity (160/7)
s=7/2 > 3: +inf (obstruction; infeasible beyond s=3)
== (iv) class thresholds as map evaluations ==
Q4u threshold 64/5 = 12.8000 attained at s = [Fraction(48, 25)]
Q4d threshold 160/11 = 14.5455 attained at s = [Fraction(24, 11)]
Q3u threshold 16 = 16.0000 attained at s = [Fraction(12, 5), Fraction(12, 5)]
Q3d threshold 135/8 = 16.8750 attained at s = [Fraction(317, 128)]
Q4cap threshold 40/3 = 13.3333 attained at s = [Fraction(2, 1)]
PASS a7: rho*(s) map audit
