== (i) ordering chain ==
64/5 = 12.8 < 40/3 = 13.333 < 160/11 = 14.545 < 16 < 135/8 = 16.875   ok
== (ii) T=8 PRODUCT reproductions ==
Q4d: (T-2-2*1)/(11/40) = 160/11 == registered 160/11
Q4u: (T-2-2*1)/(5/16) = 64/5 == registered 64/5
Q4cap: (T-2-2*1)/(3/10) = 40/3 == registered 40/3
no-message pair (0, 1/2) gives 12 < all class thresholds => never binding at T=8
== (iii) e^(1) first-breakpoint consistency ==
e^(1)=3/10: 2/(1/2-e^(1)) = 10 == registered first breakpoint 10 (Q4cap)
e^(1)=11/40: 2/(1/2-e^(1)) = 80/9 == registered first breakpoint 80/9 (Q4d)
e^(1)=5/16: 2/(1/2-e^(1)) = 32/3 == registered first breakpoint 32/3 (Q4u)
e^(1)=1/4: 2/(1/2-e^(1)) = 8 == registered first breakpoint 8 (Q3 classes)
== (iv) Q3u floor: rho* = 16 exactly ==
F(16)=8=T; F(t)<8 for t<16 => rho*_Q3u = 16 (saturation breakpoint)
== (v) registered breakpoint containment ==
40/3 in (10,16) [cap]; 160/11 in (80/9,16) [down]; 64/5 in (32/3,16) [unif]  ok
== (vi) Q3d 135/8 attribution ==
135/8 = 16.875 > 16 = (T-4)/(1/4): one-bit pair (l=1,e=1/4) not binding;
attaining pair needs W4 Q3-down supported-pair table (not in extraction) => PI-gap flagged,
consistent with registered Q3-down breakpoint list (8, 15, 135/8): 135/8 IS the saturation breakpoint.
L0=2+t/2 and L1=4+t/4 cross at t=8 exactly (registered first Q3-down breakpoint)
== (vii) extremal point assignments ==
Q3u: (5,5,5)/15 uniform
Q3d: (7,4,4)/15 down vertex
Q4u: (5,5,5,5)/20 uniform
Q4d: (8,4,4,4)/20 down vertex
Q4cap: (6,6,4,4)/20 cap vertex = (3,3,2,2)/10
PASS a8: class phase formula audit
