==============================================================================
B1a. e_anti(n): Fable 2S(n-1)/(2^n*5n)  vs  Kimi [2(n-1)-B(n)]/(5n), n=2..30
==============================================================================
  bridge identity holds exactly for all n=2..30: True
  (algebra: min(u,v)=(u+v-|u-v|)/2 gives Fable e=(5n-E|8K-5n|)/(10n);
   E|Z|=2E[Z^+]-E[Z] with E[8K-5n]=-(n+4) gives Kimi form. Both verified.)

  n | e_anti exact      | s1=1/2-e  | t1=2/s1 (BP1 target) | 4/e (kill comp.)
   2 | 1/5              | 3/10      | 20/3                 | 20          
   3 | 1/4              | 1/4       | 8                    | 16            [matches claimed]
   4 | 11/40            | 9/40      | 80/9                 | 160/11        [matches claimed]
   5 | 121/400          | 79/400    | 800/79               | 1600/121      [matches claimed]
   6 | 5/16             | 3/16      | 32/3                 | 64/5          [matches claimed]
   7 | 145/448          | 79/448    | 896/79               | 1792/145      [matches claimed]
   8 | 43/128           | 21/128    | 256/21               | 512/43        [matches claimed]
   9 | 781/2304         | 371/2304  | 4608/371             | 9216/781    
  10 | 2213/6400        | 987/6400  | 12800/987            | 25600/2213  
  11 | 247/704          | 105/704   | 1408/105             | 2816/247    
  12 | 453/1280         | 187/1280  | 2560/187             | 5120/453    
  13 | 95467/266240     | 37653/266240 | 532480/37653         | 1064960/95467
  14 | 103463/286720    | 39897/286720 | 573440/39897         | 1146880/103463
  15 | 148887/409600    | 55913/409600 | 819200/55913         | 1638400/148887

  NOTE: mission brief's t1(5)=800/159 uses 1/2-121/400=159/400 -- WRONG.
  Correct: 1/2-121/400 = 79/400, so t1(5) = 800/79 = 800/79 10.126582278481013

==============================================================================
B1b. Enumeration minima numerator 2*S(n-1)  (claimed 30,88,242,600,1450,3440 for n=3..8)
==============================================================================
  n=3: 2*S(n-1) = 30
  n=4: 2*S(n-1) = 88
  n=5: 2*S(n-1) = 242
  n=6: 2*S(n-1) = 600
  n=7: 2*S(n-1) = 1450
  n=8: 2*S(n-1) = 3440

==============================================================================
B1c/B2c. Class errors e(b,m), tie law, and Delta_m formula (n<=24)
==============================================================================
  tie law check: e(1,n-1) == e(1,n-2)  iff  8|n ;  e(0,m) > e(1,m) strict
  mod-8 tie law verified n=3..24: True;  b=0 strictly worse: True

  Delta_m := e(1,m)-e(1,m+1) (error scale). Formula: 2^{n-m-1}*C(m,k0)*(4-r)
  with c=a+4m, a=n+4, k0 unique in [0,m] with |8k0-c|<4, r=|8k0-c|, else 0.
  n=5: recovered scale = 1/800 ; all m match formula*scale: True
    m=0: Delta(error)=0  formula=0  scale*formula=None
    m=1: Delta(error)=0  formula=0  scale*formula=None
    m=2: Delta(error)=3/200  formula=12  scale*formula=3/200
    m=3: Delta(error)=1/400  formula=2  scale*formula=1/400
  n=8: recovered scale = 1/10240 ; all m match formula*scale: True
    m=0: Delta(error)=0  formula=0  scale*formula=None
    m=1: Delta(error)=0  formula=0  scale*formula=None
    m=2: Delta(error)=0  formula=0  scale*formula=None
    m=3: Delta(error)=1/160  formula=64  scale*formula=1/160
    m=4: Delta(error)=0  formula=0  scale*formula=0
    m=5: Delta(error)=1/128  formula=80  scale*formula=1/128
    m=6: Delta(error)=0  formula=0  scale*formula=0
  n=12: recovered scale = 1/245760 ; all m match formula*scale: True
    m=0: Delta(error)=0  formula=0  scale*formula=None
    m=1: Delta(error)=0  formula=0  scale*formula=None
    m=2: Delta(error)=0  formula=0  scale*formula=None
    m=3: Delta(error)=0  formula=0  scale*formula=None
    m=4: Delta(error)=1/480  formula=512  scale*formula=1/480
    m=5: Delta(error)=0  formula=0  scale*formula=0
    m=6: Delta(error)=1/320  formula=768  scale*formula=1/320
    m=7: Delta(error)=0  formula=0  scale*formula=0
    m=8: Delta(error)=7/1920  formula=896  scale*formula=7/1920
    m=9: Delta(error)=0  formula=0  scale*formula=0
    m=10: Delta(error)=1/256  formula=960  scale*formula=1/256

==============================================================================
B2a. Rademacher max-identity E|Y+wR| = E max(|Y|,|w|): EC sanity (exact)
==============================================================================
  2000 random discrete Y, exact: identity holds = True
  Proof (DR): condition on Y=y: (|y+w|+|y-w|)/2 = max(|y|,|w|) since
  |y+w|+|y-w| = (|y|+|w|) + ||y|-|w|| = 2 max(|y|,|w|). QED.
  Monotonicity: g_n(S+{i}) = E max(g-r.v., w_i) >= g_n(S); equality iff
  |Y_S| >= w_i a.s. Hence argmax S=[n] (antipodal). Strictness per-coord EC'd below.

==============================================================================
B2b. Direct-enumeration audit of support reduction e({0,q}) = (5n-g_n(supp q))/(10n)
      and codebook counts (n<=8 brute force over prototypes p=0 fixed)
==============================================================================
  n=2: weighted-majority vs formula mismatches=0; Hamming-nearest strictly worse in 1 cases; #optimal q (p=0 fixed) = 2 (expect 1); total optimal codebooks = 4 = 2^(n-1)
  n=3: weighted-majority vs formula mismatches=0; Hamming-nearest strictly worse in 2 cases; #optimal q (p=0 fixed) = 1 (expect 1); total optimal codebooks = 4 = 2^(n-1)
  n=4: weighted-majority vs formula mismatches=0; Hamming-nearest strictly worse in 4 cases; #optimal q (p=0 fixed) = 1 (expect 1); total optimal codebooks = 8 = 2^(n-1)
  n=5: weighted-majority vs formula mismatches=0; Hamming-nearest strictly worse in 15 cases; #optimal q (p=0 fixed) = 1 (expect 1); total optimal codebooks = 16 = 2^(n-1)
  n=6: weighted-majority vs formula mismatches=0; Hamming-nearest strictly worse in 31 cases; #optimal q (p=0 fixed) = 1 (expect 1); total optimal codebooks = 32 = 2^(n-1)
  n=7: weighted-majority vs formula mismatches=0; Hamming-nearest strictly worse in 63 cases; #optimal q (p=0 fixed) = 1 (expect 1); total optimal codebooks = 64 = 2^(n-1)
  n=8: weighted-majority vs formula mismatches=0; Hamming-nearest strictly worse in 127 cases; #optimal q (p=0 fixed) = 8 (expect 8); total optimal codebooks = 1024 = n*2^(n-1)
  n=8 check: 8*2^7 = 1024
  FINDING: support functional e=(5n-g_n(S))/10n = error under WEIGHTED-majority
  (optimal) assignment; Hamming-nearest deterministic tie rules are strictly
  worse for supports containing the heavy coord with 1..n-2 lights (and at
  antipodal support for even n). Mod-8 tie law + codebook counts stand, with
  achievability by weighted-majority codes (n=8: enumerator 3440 attained).
