=== BP1 amortized-tangent exact verification (full subset DP), five classes ===
  [Q3-down] d=15 N=8 E(Omega)=60  E1(one-bit min)=30  e1=30/120  s1=30/120  t1=0/0
        s1 = 1/4 ; t1 = 2/s1 = 8/1 = 8.000000
        U_{s1}(Omega) = 480  vs  S*E(Omega) = 480  -> amortized tangent at s1: HOLDS (all trees)
        U_{s1 - 1/(d2^n)}(Omega) = 472  (< 480 => slope s1 tight)  TIGHT
    one-bit brute force: min enumerator E1 = 30  (e1 = 30/(15*8)), #optimal bipartitions = 4
  [Q3-uniform] d=15 N=8 E(Omega)=60  E1(one-bit min)=30  e1=30/120  s1=30/120  t1=0/0
        s1 = 1/4 ; t1 = 2/s1 = 8/1 = 8.000000
        U_{s1}(Omega) = 480  vs  S*E(Omega) = 480  -> amortized tangent at s1: HOLDS (all trees)
        U_{s1 - 1/(d2^n)}(Omega) = 472  (< 480 => slope s1 tight)  TIGHT
    one-bit brute force: min enumerator E1 = 30  (e1 = 30/(15*8)), #optimal bipartitions = 4
  [Q4-down] d=20 N=16 E(Omega)=160  E1(one-bit min)=88  e1=88/320  s1=72/320  t1=0/0
        s1 = 9/40 ; t1 = 2/s1 = 80/9 = 8.888889
        U_{s1}(Omega) = 2560  vs  S*E(Omega) = 2560  -> amortized tangent at s1: HOLDS (all trees)
        U_{s1 - 1/(d2^n)}(Omega) = 2544  (< 2560 => slope s1 tight)  TIGHT
    one-bit brute force: min enumerator E1 = 88  (e1 = 88/(20*16)), #optimal bipartitions = 8
  [Q4-cap] d=20 N=16 E(Omega)=160  E1(one-bit min)=96  e1=96/320  s1=64/320  t1=0/0
        s1 = 1/5 ; t1 = 2/s1 = 10/1 = 10.000000
        U_{s1}(Omega) = 2560  vs  S*E(Omega) = 2560  -> amortized tangent at s1: HOLDS (all trees)
        U_{s1 - 1/(d2^n)}(Omega) = 2544  (< 2560 => slope s1 tight)  TIGHT
    one-bit brute force: min enumerator E1 = 96  (e1 = 96/(20*16)), #optimal bipartitions = 120
  [Q4-uniform] d=20 N=16 E(Omega)=160  E1(one-bit min)=100  e1=100/320  s1=60/320  t1=0/0
        s1 = 3/16 ; t1 = 2/s1 = 32/3 = 10.666667
        U_{s1}(Omega) = 2560  vs  S*E(Omega) = 2560  -> amortized tangent at s1: HOLDS (all trees)
        U_{s1 - 1/(d2^n)}(Omega) = 2544  (< 2560 => slope s1 tight)  TIGHT
    one-bit brute force: min enumerator E1 = 100  (e1 = 100/(20*16)), #optimal bipartitions = 496

=== Floor F(t) spot values at claimed breakpoints (cross-check vs W4) ===
  Q3-down (claimed bps 8, 15, 135/8; F(40)=8):
    F(4/1) [seg1] = 4/1 = 4.000000
    F(8/1) [bp1] = 6/1 = 6.000000
    F(23/2) [mid] = 55/8 = 6.875000
    F(15/1) [bp2] = 31/4 = 7.750000
    F(255/16) [mid] = 63/8 = 7.875000
    F(135/8) [bp3] = 8/1 = 8.000000
    F(40/1) [plateau] = 8/1 = 8.000000
  Q3-uniform (claimed floor min(2+t/2, 4+t/4, 8); bps 8, 16):
    F(4/1) [seg1] = 4/1 = 4.000000
    F(8/1) [bp1] = 6/1 = 6.000000
    F(12/1) [mid] = 7/1 = 7.000000
    F(16/1) [bp2] = 8/1 = 8.000000
    F(40/1) [plateau] = 8/1 = 8.000000
  Q4-cap (claimed bps 10, 16, 160/7; F(40)=10):
    F(5/1) [seg1] = 9/2 = 4.500000
    F(10/1) [bp1] = 7/1 = 7.000000
    F(13/1) [mid] = 79/10 = 7.900000
    F(16/1) [bp2] = 44/5 = 8.800000
    F(136/7) [mid] = 47/5 = 9.400000
    F(160/7) [bp3] = 10/1 = 10.000000
    F(40/1) [plateau] = 10/1 = 10.000000
  Q4-down (claimed bps 80/9, 16, 80/3; F(40)=10):
    F(40/9) [seg1] = 38/9 = 4.222222
    F(80/9) [bp1] = 58/9 = 6.444444
    F(112/9) [mid] = 334/45 = 7.422222
    F(16/1) [bp2] = 42/5 = 8.400000
    F(64/3) [mid] = 46/5 = 9.200000
    F(80/3) [bp3] = 10/1 = 10.000000
    F(40/1) [plateau] = 10/1 = 10.000000
  Q4-uniform (claimed bps 32/3, 16, 20, 22; F(40)=10):
    F(16/3) [seg1] = 14/3 = 4.666667
    F(32/3) [bp1] = 22/3 = 7.333333
    F(40/3) [mid] = 49/6 = 8.166667
    F(16/1) [bp2] = 9/1 = 9.000000
    F(18/1) [mid] = 75/8 = 9.375000
    F(20/1) [bp3] = 39/4 = 9.750000
    F(21/1) [mid] = 79/8 = 9.875000
    F(22/1) [bp4] = 10/1 = 10.000000
    F(40/1) [plateau] = 10/1 = 10.000000

=== n=5 (Q5-down) structured audits ===
  [Q5-down] d=25  E(Omega)=400  s1=79/400, t1=800/79 (conjectured)
    one-bit brute (2^31): E1min = 242 (expect 242 -> e=242/800=121/400); #optimal bipartitions = 16 (expect 16)
    depth-2 (all 62 ball outers + 5 coord outers, exact inner 1-bit): max ratio = 195/(25*48)
      compare s1: 400*195 vs 79*25*48 -> <= s1 OK
    depth-2 (200 random outers, |B| in 6..18, exact inner 1-bit): max ratio = 175/(25*49)
      compare s1: <= s1 OK
