=== n=5 cell-excess audit at slope s1=79/400 (K=158,S=32) ===
  Ball(0^5,<=2) typeI          |C|=16 E=125 : U_{s1}(C)=4000 vs 32*E=4000 -> R(C)=0 ; tightness: U_{s1-1/800}(C)=4000 (no excess even below s1?!)
    complement (coball)        |C|=16 E=125 : U_{s1}(C)=4000 vs 32*E=4000 -> R(C)=0 ; tightness: U_{s1-1/800}(C)=4000 (no excess even below s1?!)
  Ball(e_heavy,<=2) typeII     |C|=16 E=125 : U_{s1}(C)=4000 vs 32*E=4000 -> R(C)=0 ; tightness: U_{s1-1/800}(C)=4000 (no excess even below s1?!)
    complement (coball)        |C|=16 E=125 : U_{s1}(C)=4000 vs 32*E=4000 -> R(C)=0 ; tightness: U_{s1-1/800}(C)=4000 (no excess even below s1?!)
  Ball(e_light,<=2) typeIII    |C|=16 E=125 : U_{s1}(C)=4000 vs 32*E=4000 -> R(C)=0 ; tightness: U_{s1-1/800}(C)=4000 (no excess even below s1?!)
    complement (coball)        |C|=16 E=125 : U_{s1}(C)=4000 vs 32*E=4000 -> R(C)=0 ; tightness: U_{s1-1/800}(C)=4000 (no excess even below s1?!)
  {x0=x1} (anti-closed)        |C|=16 E=200 : U_{s1}(C)=5600 vs 32*E=6400 -> R(C)>0 *** ; tightness: U_{s1-1/800}(C)=5584 (excess appears below s1: consistent)
  {x0=x1=x2} (anti-closed)     |C|= 8 E=100 : U_{s1}(C)=2288 vs 32*E=3200 -> R(C)>0 *** ; tightness: U_{s1-1/800}(C)=2280 (excess appears below s1: consistent)
  subcube x4=0 (control)       |C|=16 E=168 : U_{s1}(C)=5376 vs 32*E=5376 -> R(C)=0 ; tightness: U_{s1-1/800}(C)=5376 (no excess even below s1?!)
  8 antipodal pairs (built)    |C|=16 E=200 : U_{s1}(C)=5600 vs 32*E=6400 -> R(C)>0 *** ; tightness: U_{s1-1/800}(C)=5584 (excess appears below s1: consistent)

=== one-bit split enumerator histogram near optimum (full 2^31) ===
  E1min = 242 (s1*d*2^n = 400-242 = 158 slack=0)
    E=242 (slack   0): 16 bipartitions
    E=243 (slack   1): 128 bipartitions
    E=244 (slack   2): 416 bipartitions
    E=245 (slack   3): 896 bipartitions
    E=246 (slack   4): 1120 bipartitions
    E=247 (slack   5): 896 bipartitions
    E=248 (slack   6): 448 bipartitions
    E=249 (slack   7): 160 bipartitions
    E=250 (slack   8): 144 bipartitions
    E=251 (slack   9): 960 bipartitions
    E=252 (slack  10): 2560 bipartitions
    E=253 (slack  11): 7232 bipartitions
    E=254 (slack  12): 11392 bipartitions
    E=255 (slack  13): 14336 bipartitions
    E=256 (slack  14): 11009 bipartitions
    E=257 (slack  15): 5408 bipartitions
    E=258 (slack  16): 1728 bipartitions
    E=259 (slack  17): 2368 bipartitions
    E=260 (slack  18): 7280 bipartitions
    E=261 (slack  19): 27520 bipartitions
    E=262 (slack  20): 49472 bipartitions
