==============================================================================
B6a. Crossing certificates and kill table
==============================================================================
  e_anti(7) = 145/448 ; vs 1/3: 3*145 = 435 < 448 -> e7 < 1/3: True
  e_anti(8) = 43/128 ; vs 1/3: 3*43 = 129 > 128 -> e8 > 1/3: True
  margin e8 - 1/3 = 1/384 (claimed min margin 1/384 at n=8)

  n | e_anti | 4/e_anti (Fable one-bit component) | rho_kill full law (Kimi)
   3 | 1/4        | 16           | 16
   4 | 11/40      | 160/11       | 160/11
   5 | 121/400    | 1600/121     | 1600/121
   6 | 5/16       | 64/5         | 64/5
   7 | 145/448    | 1792/145     | 1792/145
   8 | 43/128     | 512/43       | 12
   9 | 781/2304   | 9216/781     | 12
  10 | 2213/6400  | 25600/2213   | 12
  11 | 247/704    | 2816/247     | 12
  12 | 453/1280   | 5120/453     | 12
  limit of 4/e_anti as n->inf: 4/(2/5) = 10 (antipodal branch only);
  full kill = max(12, 4/e_anti) = 12 for n>=8; lim rho_kill = 12, NOT 10.

  zero-message witness (n>=8): L_b = 1 + rho/4 < 4  iff  rho < 12:
    rho=11: L_b = 15/4 (< 4 iff rho<12) -> True
    rho=12: L_b = 4 (< 4 iff rho<12) -> False
    rho=1792/145: L_b = 593/145 (< 4 iff rho<12) -> False

==============================================================================
B6b. e_anti > 1/3 for all n = 8..101 (Kimi EC claim), monotonicity n=8..20
==============================================================================
  violations of e_anti > 1/3 in n=8..101: NONE
  min margin = 1/384 at n=8 (claim: 1/384 at n=8: True)
  strictly increasing on n=8..20: True
  values n=8..20:
    e_anti(8) = 43/128 = 0.335938
    e_anti(9) = 781/2304 = 0.338976
    e_anti(10) = 2213/6400 = 0.345781
    e_anti(11) = 247/704 = 0.350852
    e_anti(12) = 453/1280 = 0.353906
    e_anti(13) = 95467/266240 = 0.358575
    e_anti(14) = 103463/286720 = 0.360850
    e_anti(15) = 148887/409600 = 0.363494
    e_anti(16) = 24045/65536 = 0.366898
    e_anti(17) = 409909/1114112 = 0.367924
    e_anti(18) = 1091567/2949120 = 0.370133
    e_anti(19) = 2315813/6225920 = 0.371963
    e_anti(20) = 1222699/3276800 = 0.373138

Reconciliation (DR): Fable's 4/e_n^anti is the ONE-BIT COMPONENT: no one-bit
no-recovery policy beats the candidate on M for rho >= 4/e_anti. Kimi's full
law adds the zero-message L-witness: for rho<12, L_b = 1+rho/4 < 4 = L(candidate),
so SOMETHING in the hull stays alive below 12 regardless of n; for n>=8 the
one-bit branch 4/e_anti < 12 (since e_anti > 1/3) and the binding constraint
is the zero-message line at 12. For 3<=n<=7, 4/e_anti >= 12 and the one-bit
(antipodal) killer is binding. Consistent: rho_kill(n) = max(12, 4/e_anti(n)).
