W6 TIER-3 MDC SEPARATION CERTIFICATE SUITE
============================================================
  [PASS] C1 ledger mismatch @ uniform n=4
         fable=(35/4,0,41/8) vs kimi batch (5,0,4) / seq (8,0,4)
  [PASS] C2 M-coincidence only at p_c=1 (Dirac)
         9-p_c=8 <=> p_c=1; max p_c on Theta_4^down = 7/25
  [PASS] C3 expand-count mismatch
         fable E[#exp] = 7/4 (unif), 43/25 (vertex) vs kimi = 1 a.s.
  [PASS] C4 opposite n=4 L-verdicts
         fable L >= 127/25 > 5 (kill) vs kimi L = 4 <= 5 (feasible)
  [PASS] C5 separating instance (n=4 vertex, (40,20), seq)
         SAME (Theta_4^down, gauge, theta x theta, timeline): fable FAILS, kimi DOMINATES (7,0,1)
  [PASS] C6 theta-dependence dichotomy
         6 thetas -> 6 distinct fable ledgers (p_c = 1/4, 7/25, 1/3, 5/16, 11/32, 13/25; slopes -1,-3/2); kimi ledger constant; r_A=1 all 15 Q
  [PASS] C7 expand-count distributions differ a.s.
         fable #exp in {1,2} with P(2)=1-p_c>0 on full support; kimi Dirac at 1
  [PASS] C8 kimi ledgers have no p_c representation
         p_c=4 off simplex; p_c=1 Dirac-only; batch-ified fable also Dirac-only
  [PASS] M8 D-convention insensitivity
         e=0 => D_joint = D_avg = 0; all D-margins 0 either way; Fable ZE phase D-insensitive
============================================================
9 certificates PASS (C1-C4 = Grok re-verified; C5-C8 new; +M8).
VERDICT: PERMANENT SEPARATION endorsed, with enlarged certificate set.
