[EC] p_c(vertex)  = 7/25            -> 7/25  PASS
[EC] p_c(uniform) = 1/4             -> 1/4  PASS
[EC] Fable M(vertex)  = 9-7/25  = 218/25 -> 218/25  PASS
[EC] Fable L(vertex)  = 11/2-21/50 = 127/25 -> 127/25  PASS
[EC] Fable (unif)     = (35/4, 0, 41/8) -> (35/4, 0, 41/8)  PASS
[EC] Fable L-vertex 127/25 > 5 = L(identity seq) -> FAILS L-dominance  PASS
[EC] Kimi seq margins vs identity = (7,0,1) -> (Fraction(7, 1), Fraction(0, 1), Fraction(1, 1))  PASS
[EC] G2(40)-8 = 7, H2(40)/2-4 = 1  (floors PI, margin arithmetic EC)  PASS
[EC] Kimi batch margins vs identity = (5,0,1); F2(40)-5 = 5  PASS

[EC] Pairwise dominance table (a DOM b means a weakly <= b in (M,D,L), strict somewhere)
  theta=vertex (2/5,1/5,1/5,1/5)  timeline=batch
    identity  (10, 0, 5)                 --   inc   dom 
    fable     (218/25, 0, 127/25)       inc    --   dom 
    kimi      (5, 0, 4)                 DOM   DOM    -- 
    VERDICT fable-vs-identity: FAILS (L=127/25 > 5) ; kimi-vs-identity: DOMINATES
  theta=vertex (2/5,1/5,1/5,1/5)  timeline=seq  
    identity  (15, 0, 5)                 --   inc   dom 
    fable     (218/25, 0, 127/25)       inc    --   dom 
    kimi      (8, 0, 4)                 DOM   DOM    -- 
    VERDICT fable-vs-identity: FAILS (L=127/25 > 5) ; kimi-vs-identity: DOMINATES
  theta=uniform (1/4)^4  timeline=batch
    identity  (10, 0, 5)                 --   inc   dom 
    fable     (35/4, 0, 41/8)           inc    --   dom 
    kimi      (5, 0, 4)                 DOM   DOM    -- 
    VERDICT fable-vs-identity: FAILS (L=41/8 > 5) ; kimi-vs-identity: DOMINATES
  theta=uniform (1/4)^4  timeline=seq  
    identity  (15, 0, 5)                 --   inc   dom 
    fable     (35/4, 0, 41/8)           inc    --   dom 
    kimi      (8, 0, 4)                 DOM   DOM    -- 
    VERDICT fable-vs-identity: FAILS (L=41/8 > 5) ; kimi-vs-identity: DOMINATES

[EC] all 8 (theta x timeline) dominance cells verified: fable FAILS everywhere at n=4; kimi DOMINATES identity everywhere; kimi strictly ledger-dominates fable everywhere  PASS

[EC] M-direction: min_{Theta_4^down} M(fable) = 218/25 > 8 = M(kimi seq);
[EC] equality M(fable)=8 requires p_c=1 (Dirac, outside full-support polytope)  PASS
[EC] grid certificate (den=60, 455 pts in Theta_4^down): max p_c = 7/25  PASS
[EC] grid certificate (den=60): min p_c on full-support grid = 1/4 (uniform)  PASS

M3 RESULT: separating instance CERTIFIED.  Same polytope (Theta_4^down), same gauge
(40,20), same demand law (theta x theta): Fable pi_EDC^2 L=127/25>5 FAILS;
Kimi PARITY-DUAL seq (8,0,4) DOMINATES with margins (7,0,1) [floors PI].
