=== ROW (n=4, batch, (40,20)) ===
[EC] Fable ledger at vertex (evaluated vs batch identity (10,0,5)): (218/25,0,127/25): M-margin 32/25 > 0, L-margin -2/25 < 0 -> FAILS  PASS
[EC] Fable ledger at uniform (evaluated vs batch identity (10,0,5)): (35/4,0,41/8): M-margin 5/4 > 0, L-margin -1/8 < 0 -> FAILS  PASS
[EC] Kimi PARITY-DUAL batch (5,0,4), margins (5,0,1) [F2(40)=10 PI]  PASS
[EC] Cont-2 parity spine (3m+2,0,4) at m=1 = (5,0,4) = Kimi BATCH ledger  PASS

=== ROW (n=4, seq, (40,20)) ===
[EC] Fable at vertex: L = 127/25 = 127/25 > 5 -> CLASS KILL (W5-MDC-3/4)  PASS
[EC] Fable at uniform: L = 41/8 = 41/8 > 5 -> fails  PASS
[EC] Kimi PARITY-DUAL seq (8,0,4), margins (7,0,1) [G2(40)=15, H2(40)=10 PI]  PASS
[EC] Cont-2 parity spine at m=2 = (8,0,4) = Kimi SEQ ledger  PASS

=== ROW (n=5, seq ZE, (40,20)) ===
[EC] Fable n=5 margins (46/5, 0, 4/5), cross-checked from (M,L)=(44/5,26/5) vs identity (18,0,6)  PASS
[EC] ZE threshold (9-2n)/3 at n=5 = -6004799503160661/18014398509481984 < 0: vacuous (all theta pass)  PASS
[--] Kimi: n=4 only, out of scope at n=5 (no claim)

=== ROW (general n, ZE phase) ===
[EC] n=4: threshold (9-2n)/3 = 1/3  (threshold 1/3; vertex 7/25 < 1/3 -> kill)  PASS
[EC] n=3: threshold (9-2n)/3 = 1  (threshold 1; p_c < 1 on full support -> kill)  PASS
[EC] n=5: threshold (9-2n)/3 = -1/3  (threshold -1/3 < 0 -> vacuous dominance)  PASS
[EC] n=4: p_c(vertex)=7/25 < 1/3 and p_c(unif)=1/4 < 1/3  PASS

=== ROW (Cont-2 parity spine, m <= 18) ===
[EC] m= 1: sequential parity ledger (3m+2,0,4) = (5, 0, 4)  PASS
[EC] m= 2: sequential parity ledger (3m+2,0,4) = (8, 0, 4)  PASS
[EC] m= 3: sequential parity ledger (3m+2,0,4) = (11, 0, 4)  PASS
[EC] m=18: sequential parity ledger (3m+2,0,4) = (56, 0, 4)  PASS

M9 RESULT: all numeric cells of the dual-track phase table verified.
Structural note: Cont-2's (3m+2,0,4) at m=1,2 equals Kimi's batch/seq
ledgers (5,0,4),(8,0,4): the parity spine unifies MDC-KIMI with Cont-2,
while MDC-FABLE (M=9-p_c, dedup-EDC) is a separate island.
