PASS p_c(vertex)=7/25
PASS Fable M=9-p_c=218/25
PASS Fable L=11/2-3/2 p_c=127/25
PASS Fable L>5 (n=4 kill)
PASS ZE iff p_c>=(9-2n)/3 at n=4: 7/25<1/3 kill
PASS uniform p_c=1/4; M=35/4; L=41/8
PASS E[#exp] Fable uniform = 7/4
PASS E[#exp] Fable vertex = 43/25 > 1
PASS F2_batch,down(150/17)=6+27/100*150/17 >= 8 ?
PASS F2down(40)=10
PASS F2cap(40)=10
PASS G2down(40)=15
PASS F2down crosses 8 exactly at 150/17
PASS F2cap crosses 8 exactly at 1200/137
PASS G2down crosses 8 at 125/17
PASS Kimi batch margins (5,0,1): (10-5,0,5-4)
PASS Kimi seq margins (7,0,1): (15-8,0,5-4)
PASS necessity 11/2>5
t1(3) = 8 ~= 8.0000
t1(4) = 80/9 ~= 8.8889
t1(5) = 800/79 ~= 10.1266
t1(6) = 32/3 ~= 10.6667
t1(7) = 896/79 ~= 11.3418
t1(8) = 256/21 ~= 12.1905
PASS e_anti(7)<1/3<e_anti(8)
PASS rho_kill(3)=4/e_anti
PASS rho_kill(4)=4/e_anti
PASS rho_kill(5)=4/e_anti
PASS rho_kill(6)=4/e_anti
PASS rho_kill(7)=4/e_anti
m_fail(n,40): {2: 15, 3: 18, 4: 19, 5: 19, 6: 20, 7: 20, 8: 20}
PASS m_fail(4,40)=19
PASS m_fail(3,40)=18
PASS 160/11 > 64/5 (Q4d>Q4u)
PASS 135/8 > 16 (Q3d>Q3u)
TOTAL: 28 / 28 PASS
