Pareto frontier (L_ext, E) at root, Q3-down vertex (7,4,4)/15:
  L_ext=  0  E=  60   (ell=0, e=1/2)
  L_ext=  8  E=  30   (ell=1, e=1/4)
  L_ext= 11  E=  27   (ell=11/8, e=9/40)
  L_ext= 12  E=  23   (ell=3/2, e=23/120)
  L_ext= 14  E=  19   (ell=7/4, e=19/120)
  L_ext= 15  E=  16   (ell=15/8, e=2/15)
  L_ext= 16  E=  15   (ell=2, e=1/8)
  L_ext= 18  E=  12   (ell=9/4, e=1/10)
  L_ext= 20  E=   8   (ell=5/2, e=1/15)
  L_ext= 22  E=   4   (ell=11/4, e=1/30)
  L_ext= 24  E=   0   (ell=3, e=0)

exact lambda* = 135/16 = 8.437500, binding pair (L_ext,E) = (15, 16)
  i.e. G(lambda) >= 4 = L_par  iff  lambda >= 135/16;
  strict gamma_L > 0 iff lambda > 135/16; at equality a tie is attained.
  W4 landmark check: rho*_Q3down = 135/8, so lambda* should = (135/8)/2 = 135/16 = 135/16
PASS: exact lambda* = 135/16 reproduces rho*_Q3down / 2 (W4, PI) by independent DP

G(lambda) samples at Q3-down vertex:
  G(1) = 3/2 = 1.500000   gamma_L = -2.500000
  G(3) = 5/2 = 2.500000   gamma_L = -1.500000
  G(45/8) = 109/32 = 3.406250   gamma_L = -0.593750
  G(7) = 15/4 = 3.750000   gamma_L = -0.250000
  G(135/16) = 4 = 4.000000   gamma_L = +0.000000
  G(10) = 4 = 4.000000   gamma_L = +0.000000
  G(20) = 4 = 4.000000   gamma_L = +0.000000

registered lambda=20: G(20) = 4, gamma_L >= 0
=> lambda never binds at the registered instance; the L-margin comes
   from the F(40)=10 (Q4) / F(40)=8 (Q3) floor inequality, lambda-free.

no-message witness (m=1): L_0 = 1 + lambda*(8/15) < 4 iff lambda < 45/8 = 45/8
   (actual L-dominance failure region; exact failure onset is lambda* above)
