crude m_fail(5,40) = floor((40*(31/32)-1)/2)+1 = floor(151/8)+1 = 19
least r with C_32(r) >= 64 (ell>=2 => Gamma>=1 all m): r = 11
r= 2 (c= 32): barrier >= 1 for m in [11,36]; B_r(10)=+0.8325 B_r(11)=+4.1857 B_r(18)=+12.9848
r= 3 (c= 34): barrier >= 1 for m in [10,37]; B_r(10)=+1.1589 B_r(11)=+4.4296 B_r(18)=+13.1394
r= 4 (c= 37): barrier >= 1 for m in [10,40]; B_r(10)=+1.8291 B_r(11)=+5.0484 B_r(18)=+13.8879
r= 5 (c= 40): barrier >= 1 for m in [10,40]; B_r(10)=+2.4992 B_r(11)=+5.6672 B_r(18)=+14.6363
r= 6 (c= 44): barrier >= 1 for m in [10,40]; B_r(10)=+3.5131 B_r(11)=+6.6610 B_r(18)=+15.9785
r= 7 (c= 48): barrier >= 1 for m in [10,40]; B_r(10)=+4.5271 B_r(11)=+7.6548 B_r(18)=+17.3206
r= 8 (c= 52): barrier >= 1 for m in [ 9,40]; B_r(10)=+5.5410 B_r(11)=+8.6486 B_r(18)=+18.6628
r= 9 (c= 56): barrier >= 1 for m in [ 9,40]; B_r(10)=+6.5549 B_r(11)=+9.6424 B_r(18)=+20.0050
r=10 (c= 61): barrier >= 1 for m in [ 9,40]; B_r(10)=+7.9126 B_r(11)=+11.0112 B_r(18)=+21.9409
simultaneous barrier onset (all r in [2,10]): m = 11
barrier holds on [onset,18] for all r in [2,10]: True

vertex (9,4,4,4,4)/25 no-message gaps gamma_{0,m} = 39-2m-40 P:
  m=14: 13824685227550133631/1490116119384765625 = +9.277589  POS
  m=15: 2193246575924192009/298023223876953125 = +7.359314  POS
  m=16: 1010660026791248353711/186264514923095703125 = +5.425940  POS
  m=17: 648303984660417714981/186264514923095703125 = +3.480556  POS
  m=18: 887975035189461090631639/582076609134674072265625 = +1.525529  POS
  m=19: -254541365995396231447867/582076609134674072265625 = -0.437299  NEG
  m=20: -875473201896514136958568509/363797880709171295166015625 = -2.406482  NEG
  m=21: -1593751822880959978005183407/363797880709171295166015625 = -4.380872  NEG
largest m with positive vertex margin: 18
gamma_0,18(vertex) = 887975035189461090631639/582076609134674072265625
gamma_0,19(vertex) = -254541365995396231447867/582076609134674072265625

one-demand reduction (PI: Fable W5-Q5-SW cert rho_cert(5) <= 18, i.e. F_{5,down}(t)=12 for t>=18):
  m=1: t=80/2=40.000 >= 18? True  margin >= 7
  m=2: t=80/3=26.667 >= 18? True  margin >= 10
  m=3: t=80/4=20.000 >= 18? True  margin >= 13
  m=4: t=80/5=16.000 >= 18? False  floor unknown in (1600/121,18): OPEN
  m=5: t=80/6=13.333 >= 18? False  floor unknown in (1600/121,18): OPEN

VERDICT: certified fragments at n=5, rho=40:
  m <= 3       : one-demand reduction, margin 3m+4 (PI floor F=12)
  11 <= m <= 18 : barrier >= 1 (r>=2) + no-message vertex > 0 (this file)
  m >= 19      : no-message vertex beats parity (exact, above)
  4 <= m <= 10 : OPEN -- needs F_{5,down}(t) for t in (1600/121, 18)
  missing input: exact one-demand Q5-down class floor F_{5,down}(t),
  equivalently closing the Q5 sandwich (1600/121, 18] to an exact value.
