rho | m_crit^nomsg(down vertex) | m_crit^nomsg(cap vertex) | crude floor((rho*15/16-1)/2)+1
 20 |   8  (gap 80749/78125 = +1.033587) |   8  (gap +1.144934) | 9
 24 |  10  (gap 9569403/9765625 = +0.979907) |  10  (gap +1.078030) | 11
 28 |  12  (gap 213346633/244140625 = +0.873868) |  12  (gap +0.955488) | 13
 32 |  14  (gap 4454508059/6103515625 = +0.729827) |  14  (gap +0.794888) | 15
 36 |  16  (gap 85061878401/152587890625 = +0.557462) |  16  (gap +0.607608) | 17
 40 |  18  (gap 277615146191/762939453125 = +0.363876) |  18  (gap +0.401494) | 19
 48 |  21  (gap 182793269680409/95367431640625 = +1.916726) |  21  (gap +1.941237) | 23
 56 |  25  (gap 3481608194266303/2384185791015625 = +1.460292) |  25  (gap +1.472606) | 26
 64 |  29  (gap 36560930462929477893/37252902984619140625 = +0.981425) |  29  (gap +0.987362) | 30
 80 |  36  (gap 5806598391519315721111731/2910383045673370361328125 = +1.995132) |  36  (gap +1.996728) | 38

down vertex crossing brackets (exact):
  rho= 20: gamma(8) = 80749/78125 > 0, gamma(9) = -62892/78125 < 0
  rho= 24: gamma(10) = 9569403/9765625 > 0, gamma(11) = -8872721/9765625 < 0
  rho= 28: gamma(12) = 213346633/244140625 > 0, gamma(13) = -255813298/244140625 < 0
  rho= 32: gamma(14) = 4454508059/6103515625 > 0, gamma(15) = -1483003299/1220703125 < 0
  rho= 36: gamma(16) = 85061878401/152587890625 > 0, gamma(17) = -214160374904/152587890625 < 0
  rho= 40: gamma(18) = 277615146191/762939453125 > 0, gamma(19) = -1227337666073/762939453125 < 0
  rho= 48: gamma(21) = 182793269680409/95367431640625 > 0, gamma(22) = -158706297446709/2384185791015625 < 0
  rho= 56: gamma(25) = 3481608194266303/2384185791015625 > 0, gamma(26) = -792381442840893733/1490116119384765625 < 0
  rho= 64: gamma(29) = 36560930462929477893/37252902984619140625 > 0, gamma(30) = -945160926946054062917/931322574615478515625 < 0
  rho= 80: gamma(36) = 5806598391519315721111731/2910383045673370361328125 > 0, gamma(37) = -11334039786121812473539/2910383045673370361328125 < 0

cap vertex crossing brackets (exact):
  rho= 20: gamma(8) = 2289867/2000000 > 0, gamma(9) = -2836677/4000000 < 0
  rho= 24: gamma(10) = 2695075671/2500000000 > 0, gamma(11) = -4127288869/5000000000 < 0
  rho= 28: gamma(12) = 3821950953/4000000000 > 0, gamma(13) = -39179124283/40000000000 < 0
  rho= 32: gamma(14) = 4968050571417/6250000000000 > 0, gamma(15) = -2902286124999/2500000000000 < 0
  rho= 36: gamma(16) = 607608377124987/1000000000000000 > 0, gamma(17) = -2724498542995621/2000000000000000 < 0
  rho= 40: gamma(18) = 20074685943080277/50000000000000000 > 0, gamma(19) = -157792852435281487/100000000000000000 < 0
  rho= 48: gamma(21) = 9706184732198189173/5000000000000000000 > 0, gamma(22) = -58325539045801976589/1250000000000000000000 < 0
  rho= 56: gamma(25) = 5890422525736732861333/4000000000000000000000 > 0, gamma(26) = -13045487615035956868170021/25000000000000000000000000 < 0
  rho= 64: gamma(29) = 123420187938336572262827823/125000000000000000000000000 > 0, gamma(30) = -31565147944939437193783057143/31250000000000000000000000000 < 0
  rho= 80: gamma(36) = 9983641226458856129220372470885183/5000000000000000000000000000000000 > 0, gamma(37) = -26147416339914243270926405309129/10000000000000000000000000000000000 < 0

least rho for the Cont-2 barrier argument (r=2..6, m=10..18) unchanged:
  rho >= 72479248046875/3157132488062 = 22.957303, binding at (r,m) = (2, 18)
  check: B>=1 everywhere at rho=22.957303: True; some B<1 at rho-eps: True

least rho keeping m=18 no-message margin > 0:
  down: rho > 37/(1-P_18) = 141143798828125/3563296863977 = 39.610452
  cap : rho > 37/(1-P_18) = 74000000000000000000/1870074685943080277 = 39.570612
  => full Cont-2 phase [1..18] survives for rho >= rho* where
     rho* = max(barrier, endpoint) = 141143798828125/3563296863977 (down), 74000000000000000000/1870074685943080277 (cap)  [small-m strip via one-demand floors, PI]

universal obstruction onset m_fail(4,rho) (P>=1/16, every theta):
  rho= 20: m_fail = 9;  gap at down vertex there: -0.805018
  rho= 24: m_fail = 11;  gap at down vertex there: -0.908567
  rho= 28: m_fail = 13;  gap at down vertex there: -1.047811
  rho= 32: m_fail = 15;  gap at down vertex there: -1.214876
  rho= 36: m_fail = 17;  gap at down vertex there: -1.403521
  rho= 40: m_fail = 19;  gap at down vertex there: -1.608696
  rho= 48: m_fail = 23;  gap at down vertex there: -2.053221
  rho= 56: m_fail = 26;  gap at down vertex there: -0.531758
  rho= 64: m_fail = 30;  gap at down vertex there: -1.014859
  rho= 80: m_fail = 38;  gap at down vertex there: -2.003115
