########## w6_cont2_generalize ##########
PASS spectra:
  C8 : [0, 8, 10, 13, 16, 20, 22, 24]
  C16: [0, 16, 18, 21, 24, 28, 32, 36, 40, 45, 50, 53, 56, 60, 62, 64]
  C32[1:8]: [32, 34, 37, 40, 44, 48, 52] ... C32[-1]= 160
PASS crude m_fail(n, rho=40): {2: 15, 3: 18, 4: 19, 5: 19, 6: 20, 7: 20, 8: 20}
  m_fail(n,20) = {3: 9, 4: 9, 5: 10, 6: 10}
  m_fail(n,40) = {3: 18, 4: 19, 5: 19, 6: 20}
  m_fail(n,80) = {3: 35, 4: 38, 5: 39, 6: 39}
PASS Q4 Cont-2 re-lock m=18 margins and m=19 obstruction -3/2
PASS n=3 Theta_down vertex no-message gaps:
  m=15: 168849719449271/43248779296875 ~= 3.904149948146
  m=16: 845049722020265693/437893890380859375 ~= 1.929804778243
  m=17: -22519522704133297/437893890380859375 ~= -0.051426894046
  m=18: -200765409863563655039/98526125335693359375 ~= -2.037687051830
  m=19: -396826139021214462733/98526125335693359375 ~= -4.027623512740
  exact positive-margin m max at vertex: 16
PASS all Cont-2 generalization EC checks

real	0m0.034s
user	0m0.023s
sys	0m0.008s
exit=0

########## w6_mdc_separation ##########
PASS ledger mismatch uniform n=4: Fable M,L=(35/4,41/8) vs Kimi batch (5,4) seq (8,4)
PASS vertex n=4: p_c=7/25, Fable L=127/25>5, Kimi L=4<=5
  n=2: thr=(9-2n)/3=5/3, pc_min=1/n=1/2, pc_max=13/25, vertex_meets_thr=False, uniform_meets=False
  n=3: thr=(9-2n)/3=1, pc_min=1/n=1/3, pc_max=9/25, vertex_meets_thr=False, uniform_meets=False
  n=4: thr=(9-2n)/3=1/3, pc_min=1/n=1/4, pc_max=7/25, vertex_meets_thr=False, uniform_meets=False
  n=5: thr=(9-2n)/3=-1/3, pc_min=1/n=1/5, pc_max=29/125, vertex_meets_thr=True, uniform_meets=True
  n=6: thr=(9-2n)/3=-1, pc_min=1/n=1/6, pc_max=1/5, vertex_meets_thr=True, uniform_meets=True
  n=7: thr=(9-2n)/3=-5/3, pc_min=1/n=1/7, pc_max=31/175, vertex_meets_thr=True, uniform_meets=True
  n=8: thr=(9-2n)/3=-7/3, pc_min=1/n=1/8, pc_max=4/25, vertex_meets_thr=True, uniform_meets=True
PASS Fable ZE: n_crit=5 (thr vacuous n>=5; class kill n<=4 on Theta^down)
PASS expand count unif4: Fable E[exp]=7/4 > Kimi 1
PASS expand count vert4: Fable E[exp]=43/25 > Kimi 1
PASS M-ledger identity only at p_c=1 (not in full-support Theta): permanent separation
PASS Fable MDC integer chains 3^5<2^8 and 16641*43046721 < 3*16384*16777216
PASS Kimi margin arithmetic at (40,20): batch (5,0,1), seq (7,0,1)
PASS all MDC separation EC checks

real	0m0.025s
user	0m0.016s
sys	0m0.007s
exit=0

########## w6_bp1_agency_phase ##########
  n=2: e_anti=1/5 ~= 0.2000000000; s1=3/10; t1_conj=20/3 ~= 6.666667
  n=3: e_anti=1/4 ~= 0.2500000000; s1=1/4; t1_conj=8 ~= 8.000000
  n=4: e_anti=11/40 ~= 0.2750000000; s1=9/40; t1_conj=80/9 ~= 8.888889
  n=5: e_anti=121/400 ~= 0.3025000000; s1=79/400; t1_conj=800/79 ~= 10.126582
  n=6: e_anti=5/16 ~= 0.3125000000; s1=3/16; t1_conj=32/3 ~= 10.666667
  n=7: e_anti=145/448 ~= 0.3236607143; s1=79/448; t1_conj=896/79 ~= 11.341772
  n=8: e_anti=43/128 ~= 0.3359375000; s1=21/128; t1_conj=256/21 ~= 12.190476
  n=9: e_anti=781/2304 ~= 0.3389756944; s1=371/2304; t1_conj=4608/371 ~= 12.420485
  n=10: e_anti=2213/6400 ~= 0.3457812500; s1=987/6400; t1_conj=12800/987 ~= 12.968592
  n=11: e_anti=247/704 ~= 0.3508522727; s1=105/704; t1_conj=1408/105 ~= 13.409524
  n=12: e_anti=453/1280 ~= 0.3539062500; s1=187/1280; t1_conj=2560/187 ~= 13.689840
  n=13: e_anti=95467/266240 ~= 0.3585749700; s1=37653/266240; t1_conj=532480/37653 ~= 14.141768
  n=14: e_anti=103463/286720 ~= 0.3608503069; s1=39897/286720; t1_conj=573440/39897 ~= 14.373011
  n=15: e_anti=148887/409600 ~= 0.3634936523; s1=55913/409600; t1_conj=819200/55913 ~= 14.651333
PASS BP1 local kill all n=2..15: density 1/2 > s1; e_anti(4)=11/40
PASS BP1 equivalence arithmetic t1=2/(1/2-e1) on five Fable classes
PASS agency hybrid: pure soft 1-H2(D) dominates expand-time-sharing on grid (binary decision-TV)
PASS agency: R_soft(1/4) < chord-to-expand(1/4)=1/2 (concavity certificate)
PASS phase table m_fail rows: [(3, 18, 9, 35), (4, 19, 9, 38), (5, 19, 10, 39), (6, 20, 10, 39), (8, 20, 10, 40)]
PASS single-demand rho* samples: Q3u=16, Q3d=135/8, Q4u=64/5, Q4d=160/11
PASS Kimi two-demand rho*_batch: down=150/17, cap=1200/137
PASS all BP1/agency/phase EC checks

real	0m0.024s
user	0m0.016s
sys	0m0.007s
exit=0

